<html>
<body>
<pre>
<h1>礦ision Build Log</h1>
<h2>Tool Versions:</h2>
IDE-Version: μVision V5.39.0.0
Copyright (C) 2023 ARM Ltd and ARM Germany GmbH. All rights reserved.
License Information: 11 abc, 1, LIC=MPPLD-8X6EN-2ZTW4-FY0IU-F98ML-76GCJ
 
Tool Versions:
Toolchain:       MDK-ARM Plus  Version: 5.39.0.0
Toolchain Path:  D:\Keil_v5\ARM\ARMCC\Bin
C Compiler:      Armcc.exe V5.06 update 7 (build 960)
Assembler:       Armasm.exe V5.06 update 7 (build 960)
Linker/Locator:  ArmLink.exe V5.06 update 7 (build 960)
Library Manager: ArmAr.exe V5.06 update 7 (build 960)
Hex Converter:   FromElf.exe V5.06 update 7 (build 960)
CPU DLL:         SARMCM3.DLL V5.39.0.0
Dialog DLL:      DCM.DLL V1.17.5.0
Target DLL:      STLink\ST-LINKIII-KEIL_SWO.dll V3.2.0.0
Dialog DLL:      TCM.DLL V1.56.4.0
 
<h2>Project:</h2>
D:\MicroROS平衡车\附件\源码汇总\STM32_Balance\stm32_Balance_Car_L\USER\stm32_Balance_Car.uvprojx
Project File Date:  12/06/2024

<h2>Output:</h2>
*** Using Compiler 'V5.06 update 7 (build 960)', folder: 'D:\Keil_v5\ARM\ARMCC\Bin'
Rebuild target 'stm32RCT6_Balance_Car'
assembling startup_stm32f10x_hd.s...
compiling core_cm3.c...
compiling stm32f10x_crc.c...
compiling stm32f10x_it.c...
compiling stm32f10x_exti.c...
compiling stm32f10x_dac.c...
compiling misc.c...
compiling system_stm32f10x.c...
compiling stm32f10x_dma.c...
compiling stm32f10x_adc.c...
compiling stm32f10x_flash.c...
compiling main.c...
compiling stm32f10x_gpio.c...
compiling stm32f10x_i2c.c...
compiling stm32f10x_pwr.c...
compiling delay.c...
compiling stm32f10x_sdio.c...
compiling stm32f10x_usart.c...
compiling stm32f10x_spi.c...
compiling stm32f10x_rcc.c...
compiling stm32f10x_tim.c...
compiling bsp.c...
..\BSP\bsp.c(18): warning:  #223-D: function "BalanceCar_Motor_Init" declared implicitly
  	BalanceCar_Motor_Init();     	//电机GPIO初始化  //Motor GPIO initialization
..\BSP\bsp.c(19): warning:  #223-D: function "BalanceCar_PWM_Init" declared implicitly
  	BalanceCar_PWM_Init(2880,0); 	//初始化PWM 25Khz 与电机硬件接口，用于驱动电机   Initialize PWM 25Khz and motor hardware interface for driving the motor
..\BSP\bsp.c: 2 warnings, 0 errors
compiling encoder.c...
compiling IOI2C.c...
compiling motor.c...
compiling mpu6050.c...
compiling oled_fonts.c...
compiling usart.c...
compiling intsever.c...
compiling bsp_oled_i2c.c...
compiling bsp_battery.c...
compiling bsp_oled.c...
compiling bsp_beep.c...
compiling bsp_LED.c...
compiling bsp_timer.c...
compiling bsp_key.c...
compiling bsp_ultrasonic.c...
compiling bsp_irtracking.c...
compiling bsp_ele_track.c...
compiling bsp_bluetooth.c...
compiling bsp_usart2.c...
compiling bsp_lidar.c...
compiling bsp_ccd.c...
compiling app_motor.c...
compiling pid_control.c...
compiling app_control.c...
compiling bsp_ps2.c...
compiling app_ps2.c...
compiling app_bluetooth.c...
compiling filter.c...
..\APP\filter\filter.c(14): warning:  #550-D: variable "angle_dot"  was set but never used
  	static float angle_dot;
..\APP\filter\filter.c(84): warning:  #550-D: variable "angle_dot"  was set but never used
  	static float angle_dot;
..\APP\filter\filter.c: 2 warnings, 0 errors
compiling oled_show.c...
compiling app_ccd_tracking.c...
compiling app_ele_tracking.c...
compiling app_mode.c...
compiling app_tracking.c...
compiling app_k210_AI.c...
compiling KF.c...
compiling inv_mpu_dmp_motion_driver.c...
compiling app_k210.c...
compiling inv_mpu.c...
compiling app_line.c...
compiling app_follow.c...
compiling app_lidar_car.c...
compiling app_lidar.c...
linking...
Program Size: Code=51180 RO-data=14308 RW-data=920 ZI-data=11720  
FromELF: creating hex file...
"..\OBJ\stm32_Balance_Car_L.axf" - 0 Error(s), 4 Warning(s).

<h2>Software Packages used:</h2>

Package Vendor: Keil
                https://www.keil.com/pack/Keil.STM32F1xx_DFP.2.4.1.pack
                Keil::STM32F1xx_DFP@2.4.1
                STMicroelectronics STM32F1 Series Device Support, Drivers and Examples

<h2>Collection of Component include folders:</h2>
  D:/Arm/Packs/Keil/STM32F1xx_DFP/2.4.1/Device/Include

<h2>Collection of Component Files used:</h2>
Build Time Elapsed:  00:00:07
</pre>
</body>
</html>
