[12] 迭代  0  本轮 0.064  全局 0.064  摔 0/36  (151s)  未达标: ['ang_std', 'gyro_pk', 'nz_max_d', 'rev', 'enc_abs', 'f_gyro', 'f_disp', 'g6_12', 'g12_100', 'd0_03']
      {'stall': 0.5885, 'damp': 0.0055, 'irot': 0.0014, 'dpos': 1475.3, 'dneg': 1460.7, 'delay': 2.4627, 'gnoise': 0.0008, 'k': 2.243, 'c': 0.0914, 'bl': 0.8065, 'fric': 0.0023, 'ib': 0.9547, 'mnt': 0.2902, 'vib': 0.0313, 'roll': 0.0004, 'fs': 0.0022, 'fkr': 0.4446, 'vs': 0.5834, 'vibm': 0.0128, 'lrs': 123.1}
[12] 迭代  1  本轮 0.044  全局 0.044  摔 0/36  (274s)  未达标: ['ang_std', 'gyro_pk', 'nz_max_d', 'enc_abs', 'f_gyro', 'f_disp', 'g3_6', 'g12_100']
      {'stall': 0.4598, 'damp': 0.0021, 'irot': 0.0014, 'dpos': 1491.7, 'dneg': 1480.7, 'delay': 1.5285, 'gnoise': 0.0006, 'k': 1.0595, 'c': 0.0631, 'bl': 0.8627, 'fric': 0.0014, 'ib': 0.95, 'mnt': 0.3026, 'vib': 0.0231, 'roll': 0.0006, 'fs': 0.0017, 'fkr': 0.3085, 'vs': 0.6733, 'vibm': 0.0204, 'lrs': 119.0}
[12] 迭代  2  本轮 0.044  全局 0.044  摔 0/36  (395s)  未达标: ['ang_std', 'gyro_pk', 'nz_max_d', 'enc_abs', 'f_gyro', 'f_disp', 'g3_6', 'g12_100']
      {'stall': 0.4598, 'damp': 0.0021, 'irot': 0.0014, 'dpos': 1491.7, 'dneg': 1480.7, 'delay': 1.5285, 'gnoise': 0.0006, 'k': 1.0595, 'c': 0.0631, 'bl': 0.8627, 'fric': 0.0014, 'ib': 0.95, 'mnt': 0.3026, 'vib': 0.0231, 'roll': 0.0006, 'fs': 0.0017, 'fkr': 0.3085, 'vs': 0.6733, 'vibm': 0.0204, 'lrs': 119.0}
[12] 迭代  3  本轮 0.032  全局 0.032  摔 0/36  (514s)  未达标: ['gyro_pk', 'nz_max_d', 'enc_abs', 'disp_std', 'f_gyro', 'f_disp', 'g12_100']
      {'stall': 0.5408, 'damp': 0.0024, 'irot': 0.0012, 'dpos': 1492.1, 'dneg': 1467.8, 'delay': 1.4415, 'gnoise': 0.0004, 'k': 2.2806, 'c': 0.1082, 'bl': 0.7584, 'fric': 0.001, 'ib': 0.9494, 'mnt': -0.1095, 'vib': 0.0158, 'roll': 0.001, 'fs': 0.0029, 'fkr': 0.3356, 'vs': 0.4913, 'vibm': 0.0081, 'lrs': 104.8}
[12] 迭代  4  本轮 0.032  全局 0.032  摔 0/36  (632s)  未达标: ['ang_std', 'gyro_pk', 'nz_max_d', 'rev', 'enc_abs', 'disp_std', 'f_gyro', 'f_disp', 'g3_6', 'g12_100']
      {'stall': 0.5743, 'damp': 0.002, 'irot': 0.0016, 'dpos': 1487.3, 'dneg': 1468.0, 'delay': 1.6984, 'gnoise': 0.0004, 'k': 2.5266, 'c': 0.0597, 'bl': 0.7698, 'fric': 0.0018, 'ib': 0.9951, 'mnt': 0.1918, 'vib': 0.0205, 'roll': 0.0008, 'fs': 0.0024, 'fkr': 0.376, 'vs': 0.4497, 'vibm': 0.0132, 'lrs': 106.3}
[12] 迭代  5  本轮 0.032  全局 0.032  摔 0/36  (751s)  未达标: ['ang_std', 'gyro_pk', 'nz_max_d', 'rev', 'enc_abs', 'disp_std', 'f_gyro', 'f_disp', 'g3_6', 'g12_100']
      {'stall': 0.5743, 'damp': 0.002, 'irot': 0.0016, 'dpos': 1487.3, 'dneg': 1468.0, 'delay': 1.6984, 'gnoise': 0.0004, 'k': 2.5266, 'c': 0.0597, 'bl': 0.7698, 'fric': 0.0018, 'ib': 0.9951, 'mnt': 0.1918, 'vib': 0.0205, 'roll': 0.0008, 'fs': 0.0024, 'fkr': 0.376, 'vs': 0.4497, 'vibm': 0.0132, 'lrs': 106.3}
[12] 迭代  6  本轮 0.029  全局 0.029  摔 0/36  (869s)  未达标: ['gyro_pk', 'nz_max_d', 'enc_abs', 'disp_std', 'f_gyro', 'f_disp', 'g3_6', 'g12_100']
      {'stall': 0.5736, 'damp': 0.0023, 'irot': 0.0014, 'dpos': 1494.9, 'dneg': 1471.7, 'delay': 1.7092, 'gnoise': 0.0005, 'k': 2.645, 'c': 0.0752, 'bl': 0.8192, 'fric': 0.0017, 'ib': 0.9999, 'mnt': 0.0327, 'vib': 0.017, 'roll': 0.0007, 'fs': 0.0022, 'fkr': 0.3432, 'vs': 0.468, 'vibm': 0.0149, 'lrs': 113.3}
[12] 迭代  7  本轮 0.027  全局 0.027  摔 0/36  (988s)  未达标: ['ang_std', 'nz_max_d', 'enc_abs', 'disp_std', 'f_gyro', 'f_disp', 'g3_6', 'g12_100', 'd0_03']
      {'stall': 0.5394, 'damp': 0.0023, 'irot': 0.0015, 'dpos': 1492.2, 'dneg': 1462.1, 'delay': 1.6016, 'gnoise': 0.0005, 'k': 2.7818, 'c': 0.0827, 'bl': 0.8351, 'fric': 0.0022, 'ib': 0.931, 'mnt': 0.126, 'vib': 0.0181, 'roll': 0.0007, 'fs': 0.0025, 'fkr': 0.3601, 'vs': 0.4629, 'vibm': 0.0117, 'lrs': 103.8}
[12] 迭代  8  本轮 0.025  全局 0.025  摔 0/36  (1107s)  未达标: ['ang_std', 'nz_max_d', 'enc_abs', 'disp_std', 'f_gyro', 'f_disp', 'g3_6', 'g12_100']
      {'stall': 0.5615, 'damp': 0.0026, 'irot': 0.0016, 'dpos': 1487.5, 'dneg': 1465.7, 'delay': 1.9418, 'gnoise': 0.0004, 'k': 3.153, 'c': 0.0901, 'bl': 0.7924, 'fric': 0.0015, 'ib': 1.0795, 'mnt': 0.1441, 'vib': 0.0198, 'roll': 0.0009, 'fs': 0.0025, 'fkr': 0.3418, 'vs': 0.4985, 'vibm': 0.0143, 'lrs': 105.6}
[12] 迭代  9  本轮 0.024  全局 0.024  摔 0/36  (1226s)  未达标: ['ang_std', 'gyro_pk', 'nz_max_d', 'enc_abs', 'f_gyro', 'f_disp', 'g3_6', 'g12_100']
      {'stall': 0.522, 'damp': 0.0022, 'irot': 0.0013, 'dpos': 1484.9, 'dneg': 1459.4, 'delay': 1.6991, 'gnoise': 0.0004, 'k': 1.597, 'c': 0.0532, 'bl': 0.7918, 'fric': 0.0023, 'ib': 1.0502, 'mnt': 0.1706, 'vib': 0.0198, 'roll': 0.0007, 'fs': 0.0029, 'fkr': 0.3393, 'vs': 0.7546, 'vibm': 0.0134, 'lrs': 105.6}
[12] 迭代 10  本轮 0.020  全局 0.020  摔 0/36  (1345s)  未达标: ['ang_std', 'gyro_pk', 'nz_max_d', 'enc_abs', 'disp_std', 'f_gyro', 'f_disp', 'g3_6', 'g12_100']
      {'stall': 0.5317, 'damp': 0.0023, 'irot': 0.0014, 'dpos': 1487.3, 'dneg': 1459.3, 'delay': 1.5947, 'gnoise': 0.0006, 'k': 2.7281, 'c': 0.0776, 'bl': 0.8352, 'fric': 0.0017, 'ib': 1.0663, 'mnt': 0.0115, 'vib': 0.0184, 'roll': 0.0008, 'fs': 0.0021, 'fkr': 0.3462, 'vs': 0.4115, 'vibm': 0.0135, 'lrs': 100.7}
[12] 迭代 11  本轮 0.016  全局 0.016  摔 0/36  (1467s)  未达标: ['nz_max_d', 'enc_abs', 'disp_std', 'f_gyro', 'f_disp', 'g3_6', 'g12_100']
      {'stall': 0.5143, 'damp': 0.0024, 'irot': 0.0013, 'dpos': 1483.4, 'dneg': 1456.9, 'delay': 1.7424, 'gnoise': 0.0004, 'k': 2.3445, 'c': 0.0795, 'bl': 0.7905, 'fric': 0.0018, 'ib': 1.002, 'mnt': 0.0744, 'vib': 0.0192, 'roll': 0.0007, 'fs': 0.0022, 'fkr': 0.3327, 'vs': 0.6501, 'vibm': 0.0143, 'lrs': 101.0}
[12] 迭代 12  本轮 0.015  全局 0.015  摔 0/36  (1587s)  未达标: ['ang_std', 'nz_max_d', 'enc_abs', 'disp_std', 'f_gyro', 'f_disp', 'g3_6', 'g12_100']
      {'stall': 0.5471, 'damp': 0.0028, 'irot': 0.0013, 'dpos': 1488.0, 'dneg': 1460.2, 'delay': 1.6897, 'gnoise': 0.0005, 'k': 2.121, 'c': 0.0692, 'bl': 0.8344, 'fric': 0.0019, 'ib': 1.0914, 'mnt': 0.0206, 'vib': 0.0196, 'roll': 0.0008, 'fs': 0.0018, 'fkr': 0.3486, 'vs': 0.5537, 'vibm': 0.0125, 'lrs': 104.6}
[12] 迭代 13  本轮 0.013  全局 0.013  摔 0/36  (1706s)  未达标: ['ang_std', 'nz_max_d', 'enc_abs', 'f_gyro', 'f_disp', 'g3_6', 'g12_100']
      {'stall': 0.5421, 'damp': 0.0022, 'irot': 0.0013, 'dpos': 1481.0, 'dneg': 1455.4, 'delay': 1.6777, 'gnoise': 0.0004, 'k': 2.1551, 'c': 0.077, 'bl': 0.8401, 'fric': 0.0019, 'ib': 1.0977, 'mnt': -0.0242, 'vib': 0.0195, 'roll': 0.0008, 'fs': 0.0025, 'fkr': 0.3338, 'vs': 0.5372, 'vibm': 0.01, 'lrs': 98.0}
[12] 迭代 14  本轮 0.011  全局 0.011  摔 0/36  (1825s)  未达标: ['nz_max_d', 'rev', 'enc_abs', 'disp_std', 'f_gyro', 'f_disp', 'g12_100', 'd0_03']
      {'stall': 0.5331, 'damp': 0.0025, 'irot': 0.0012, 'dpos': 1478.9, 'dneg': 1455.2, 'delay': 1.7181, 'gnoise': 0.0005, 'k': 1.7891, 'c': 0.0782, 'bl': 0.7892, 'fric': 0.0017, 'ib': 1.0782, 'mnt': 0.2456, 'vib': 0.0212, 'roll': 0.0008, 'fs': 0.0023, 'fkr': 0.3697, 'vs': 0.6506, 'vibm': 0.0106, 'lrs': 97.9}
[12] 迭代 15  本轮 0.011  全局 0.011  摔 0/36  (1959s)  未达标: ['nz_max_d', 'rev', 'enc_abs', 'disp_std', 'f_gyro', 'f_disp', 'g12_100', 'd0_03']
      {'stall': 0.5331, 'damp': 0.0025, 'irot': 0.0012, 'dpos': 1478.9, 'dneg': 1455.2, 'delay': 1.7181, 'gnoise': 0.0005, 'k': 1.7891, 'c': 0.0782, 'bl': 0.7892, 'fric': 0.0017, 'ib': 1.0782, 'mnt': 0.2456, 'vib': 0.0212, 'roll': 0.0008, 'fs': 0.0023, 'fkr': 0.3697, 'vs': 0.6506, 'vibm': 0.0106, 'lrs': 97.9}
[12] 迭代 16  本轮 0.011  全局 0.011  摔 0/36  (2103s)  未达标: ['nz_max_d', 'rev', 'enc_abs', 'disp_std', 'f_gyro', 'f_disp', 'g12_100', 'd0_03']
      {'stall': 0.5331, 'damp': 0.0025, 'irot': 0.0012, 'dpos': 1478.9, 'dneg': 1455.2, 'delay': 1.7181, 'gnoise': 0.0005, 'k': 1.7891, 'c': 0.0782, 'bl': 0.7892, 'fric': 0.0017, 'ib': 1.0782, 'mnt': 0.2456, 'vib': 0.0212, 'roll': 0.0008, 'fs': 0.0023, 'fkr': 0.3697, 'vs': 0.6506, 'vibm': 0.0106, 'lrs': 97.9}
[12] 迭代 17  本轮 0.009  全局 0.009  摔 0/36  (2237s)  未达标: ['gyro_pk', 'nz_max_d', 'enc_abs', 'disp_std', 'f_gyro', 'f_disp', 'g3_6']
      {'stall': 0.5532, 'damp': 0.0029, 'irot': 0.0014, 'dpos': 1478.2, 'dneg': 1451.1, 'delay': 1.8639, 'gnoise': 0.0005, 'k': 2.0493, 'c': 0.0754, 'bl': 0.7887, 'fric': 0.0021, 'ib': 1.1131, 'mnt': 0.1217, 'vib': 0.0161, 'roll': 0.0007, 'fs': 0.0026, 'fkr': 0.3402, 'vs': 0.6024, 'vibm': 0.0148, 'lrs': 99.3}
[12] 迭代 18  本轮 0.009  全局 0.009  摔 0/36  (2369s)  未达标: ['gyro_pk', 'nz_max_d', 'enc_abs', 'disp_std', 'f_gyro', 'f_disp', 'g3_6']
      {'stall': 0.5532, 'damp': 0.0029, 'irot': 0.0014, 'dpos': 1478.2, 'dneg': 1451.1, 'delay': 1.8639, 'gnoise': 0.0005, 'k': 2.0493, 'c': 0.0754, 'bl': 0.7887, 'fric': 0.0021, 'ib': 1.1131, 'mnt': 0.1217, 'vib': 0.0161, 'roll': 0.0007, 'fs': 0.0026, 'fkr': 0.3402, 'vs': 0.6024, 'vibm': 0.0148, 'lrs': 99.3}
[12] 迭代 19  本轮 0.009  全局 0.009  摔 0/36  (2499s)  未达标: ['gyro_pk', 'nz_max_d', 'enc_abs', 'disp_std', 'f_gyro', 'f_disp', 'g3_6']
      {'stall': 0.5532, 'damp': 0.0029, 'irot': 0.0014, 'dpos': 1478.2, 'dneg': 1451.1, 'delay': 1.8639, 'gnoise': 0.0005, 'k': 2.0493, 'c': 0.0754, 'bl': 0.7887, 'fric': 0.0021, 'ib': 1.1131, 'mnt': 0.1217, 'vib': 0.0161, 'roll': 0.0007, 'fs': 0.0026, 'fkr': 0.3402, 'vs': 0.6024, 'vibm': 0.0148, 'lrs': 99.3}
[12] 迭代 20  本轮 0.009  全局 0.009  摔 0/36  (2640s)  未达标: ['gyro_pk', 'nz_max_d', 'enc_abs', 'disp_std', 'f_gyro', 'f_disp', 'g3_6']
      {'stall': 0.5532, 'damp': 0.0029, 'irot': 0.0014, 'dpos': 1478.2, 'dneg': 1451.1, 'delay': 1.8639, 'gnoise': 0.0005, 'k': 2.0493, 'c': 0.0754, 'bl': 0.7887, 'fric': 0.0021, 'ib': 1.1131, 'mnt': 0.1217, 'vib': 0.0161, 'roll': 0.0007, 'fs': 0.0026, 'fkr': 0.3402, 'vs': 0.6024, 'vibm': 0.0148, 'lrs': 99.3}
[12] 迭代 21  本轮 0.007  全局 0.007  摔 0/36  (2772s)  未达标: ['ang_std', 'nz_max_d', 'enc_abs', 'f_gyro', 'f_disp', 'g3_6', 'g6_12']
      {'stall': 0.5482, 'damp': 0.0026, 'irot': 0.0013, 'dpos': 1483.8, 'dneg': 1454.7, 'delay': 1.6857, 'gnoise': 0.0006, 'k': 1.773, 'c': 0.0625, 'bl': 0.8298, 'fric': 0.0018, 'ib': 1.1197, 'mnt': 0.1527, 'vib': 0.0188, 'roll': 0.0007, 'fs': 0.0022, 'fkr': 0.3421, 'vs': 0.6449, 'vibm': 0.0105, 'lrs': 98.8}
[12] 迭代 22  本轮 0.007  全局 0.007  摔 0/36  (2906s)  未达标: ['ang_std', 'nz_max_d', 'enc_abs', 'f_gyro', 'f_disp', 'g3_6', 'g6_12']
      {'stall': 0.5482, 'damp': 0.0026, 'irot': 0.0013, 'dpos': 1483.8, 'dneg': 1454.7, 'delay': 1.6857, 'gnoise': 0.0006, 'k': 1.773, 'c': 0.0625, 'bl': 0.8298, 'fric': 0.0018, 'ib': 1.1197, 'mnt': 0.1527, 'vib': 0.0188, 'roll': 0.0007, 'fs': 0.0022, 'fkr': 0.3421, 'vs': 0.6449, 'vibm': 0.0105, 'lrs': 98.8}
[12] 迭代 23  本轮 0.007  全局 0.007  摔 0/36  (3038s)  未达标: ['ang_std', 'nz_max_d', 'enc_abs', 'f_gyro', 'f_disp', 'g3_6', 'g6_12']
      {'stall': 0.5482, 'damp': 0.0026, 'irot': 0.0013, 'dpos': 1483.8, 'dneg': 1454.7, 'delay': 1.6857, 'gnoise': 0.0006, 'k': 1.773, 'c': 0.0625, 'bl': 0.8298, 'fric': 0.0018, 'ib': 1.1197, 'mnt': 0.1527, 'vib': 0.0188, 'roll': 0.0007, 'fs': 0.0022, 'fkr': 0.3421, 'vs': 0.6449, 'vibm': 0.0105, 'lrs': 98.8}
[12] 迭代 24  本轮 0.005  全局 0.005  摔 0/36  (3159s)  未达标: ['nz_max_d', 'enc_abs', 'f_gyro', 'f_disp', 'g3_6', 'g12_100']
      {'stall': 0.5679, 'damp': 0.0025, 'irot': 0.0012, 'dpos': 1480.4, 'dneg': 1454.5, 'delay': 1.7538, 'gnoise': 0.0006, 'k': 1.7183, 'c': 0.0745, 'bl': 0.8398, 'fric': 0.0019, 'ib': 1.1122, 'mnt': 0.166, 'vib': 0.0162, 'roll': 0.0008, 'fs': 0.0027, 'fkr': 0.3324, 'vs': 0.6552, 'vibm': 0.0127, 'lrs': 98.6}
[12] 迭代 25  本轮 0.005  全局 0.005  摔 0/36  (3281s)  未达标: ['nz_max_d', 'enc_abs', 'f_gyro', 'f_disp', 'g3_6', 'g12_100']
      {'stall': 0.5679, 'damp': 0.0025, 'irot': 0.0012, 'dpos': 1480.4, 'dneg': 1454.5, 'delay': 1.7538, 'gnoise': 0.0006, 'k': 1.7183, 'c': 0.0745, 'bl': 0.8398, 'fric': 0.0019, 'ib': 1.1122, 'mnt': 0.166, 'vib': 0.0162, 'roll': 0.0008, 'fs': 0.0027, 'fkr': 0.3324, 'vs': 0.6552, 'vibm': 0.0127, 'lrs': 98.6}
[4] 完成
