[10] 迭代  0  本轮 0.067  全局 0.067  摔 1/36  (95s)  未达标: ['gyro_rms', 'gyro_pk', 'nz_max_d', 'rev', 'f_gyro', 'f_disp', 'g3_6', 'g12_100', 'd0_03']
      {'stall': 0.6086, 'damp': 0.0027, 'irot': 0.0013, 'dpos': 1473.7, 'dneg': 1437.7, 'delay': 1.8366, 'gnoise': 0.0009, 'k': 2.4554, 'c': 0.0615, 'bl': 0.6362, 'fric': 0.0009, 'ib': 0.9628, 'mnt': 0.2372, 'vib': 0.0313, 'roll': 0.0008, 'fs': 0.005, 'fkr': 0.3, 'vs': 0.5}
[10] 迭代  1  本轮 0.067  全局 0.067  摔 0/36  (193s)  未达标: ['gyro_rms', 'gyro_pk', 'nz_max_d', 'rev', 'f_gyro', 'f_disp', 'g3_6', 'g12_100', 'd0_03']
      {'stall': 0.6086, 'damp': 0.0027, 'irot': 0.0013, 'dpos': 1473.7, 'dneg': 1437.7, 'delay': 1.8366, 'gnoise': 0.0009, 'k': 2.4554, 'c': 0.0615, 'bl': 0.6362, 'fric': 0.0009, 'ib': 0.9628, 'mnt': 0.2372, 'vib': 0.0313, 'roll': 0.0008, 'fs': 0.005, 'fkr': 0.3, 'vs': 0.5}
[10] 迭代  2  本轮 0.067  全局 0.067  摔 0/36  (285s)  未达标: ['gyro_rms', 'gyro_pk', 'nz_max_d', 'rev', 'f_gyro', 'f_disp', 'g3_6', 'g12_100', 'd0_03']
      {'stall': 0.6086, 'damp': 0.0027, 'irot': 0.0013, 'dpos': 1473.7, 'dneg': 1437.7, 'delay': 1.8366, 'gnoise': 0.0009, 'k': 2.4554, 'c': 0.0615, 'bl': 0.6362, 'fric': 0.0009, 'ib': 0.9628, 'mnt': 0.2372, 'vib': 0.0313, 'roll': 0.0008, 'fs': 0.005, 'fkr': 0.3, 'vs': 0.5}
[10] 迭代  3  本轮 0.067  全局 0.067  摔 0/36  (376s)  未达标: ['gyro_rms', 'gyro_pk', 'nz_max_d', 'rev', 'f_gyro', 'f_disp', 'g3_6', 'g12_100', 'd0_03']
      {'stall': 0.6086, 'damp': 0.0027, 'irot': 0.0013, 'dpos': 1473.7, 'dneg': 1437.7, 'delay': 1.8366, 'gnoise': 0.0009, 'k': 2.4554, 'c': 0.0615, 'bl': 0.6362, 'fric': 0.0009, 'ib': 0.9628, 'mnt': 0.2372, 'vib': 0.0313, 'roll': 0.0008, 'fs': 0.005, 'fkr': 0.3, 'vs': 0.5}
[10] 迭代  4  本轮 0.061  全局 0.061  摔 0/36  (468s)  未达标: ['ang_std', 'gyro_pk', 'nz_max_d', 'rev', 'disp_std', 'f_gyro', 'f_disp', 'g3_6']
      {'stall': 0.6011, 'damp': 0.0126, 'irot': 0.0017, 'dpos': 1471.6, 'dneg': 1421.2, 'delay': 2.0012, 'gnoise': 0.0006, 'k': 2.4674, 'c': 0.0613, 'bl': 0.7205, 'fric': 0.0012, 'ib': 0.9371, 'mnt': 0.1489, 'vib': 0.0304, 'roll': 0.0009, 'fs': 0.0045, 'fkr': 0.3642, 'vs': 0.6323}
[10] 迭代  5  本轮 0.047  全局 0.047  摔 0/36  (559s)  未达标: ['ang_std', 'gyro_pk', 'demand', 'nz_max_d', 'rev', 'enc_abs', 'disp_std', 'f_gyro', 'f_disp', 'g3_6', 'g6_12', 'g12_100']
      {'stall': 0.5861, 'damp': 0.005, 'irot': 0.0012, 'dpos': 1475.2, 'dneg': 1447.3, 'delay': 1.9808, 'gnoise': 0.0006, 'k': 2.1113, 'c': 0.0659, 'bl': 0.6427, 'fric': 0.0012, 'ib': 0.9746, 'mnt': 0.1003, 'vib': 0.0379, 'roll': 0.0011, 'fs': 0.0064, 'fkr': 0.3999, 'vs': 0.5699}
[10] 迭代  6  本轮 0.047  全局 0.047  摔 0/36  (650s)  未达标: ['ang_std', 'gyro_rms', 'gyro_pk', 'nz_max_d', 'rev', 'disp_std', 'f_gyro', 'f_disp', 'g3_6', 'g12_100']
      {'stall': 0.5491, 'damp': 0.003, 'irot': 0.0012, 'dpos': 1475.3, 'dneg': 1414.2, 'delay': 1.7028, 'gnoise': 0.0007, 'k': 1.9608, 'c': 0.0584, 'bl': 0.6308, 'fric': 0.0014, 'ib': 0.9625, 'mnt': 0.1188, 'vib': 0.0274, 'roll': 0.0009, 'fs': 0.0047, 'fkr': 0.4057, 'vs': 0.5643}
[10] 迭代  7  本轮 0.046  全局 0.046  摔 0/36  (741s)  未达标: ['ang_std', 'gyro_pk', 'nz_max_d', 'rev', 'disp_std', 'f_gyro', 'f_disp', 'g3_6', 'g6_12', 'g12_100']
      {'stall': 0.5836, 'damp': 0.0029, 'irot': 0.0012, 'dpos': 1473.2, 'dneg': 1447.6, 'delay': 1.7734, 'gnoise': 0.0005, 'k': 2.3268, 'c': 0.0591, 'bl': 0.7093, 'fric': 0.0012, 'ib': 0.975, 'mnt': 0.1923, 'vib': 0.031, 'roll': 0.0008, 'fs': 0.0055, 'fkr': 0.3981, 'vs': 0.5977}
[10] 迭代  8  本轮 0.040  全局 0.040  摔 0/36  (831s)  未达标: ['ang_std', 'gyro_pk', 'demand', 'nz_max_d', 'rev', 'disp_std', 'f_gyro', 'f_disp', 'g3_6', 'g12_100', 'd0_03']
      {'stall': 0.5832, 'damp': 0.0041, 'irot': 0.0014, 'dpos': 1469.8, 'dneg': 1429.7, 'delay': 1.2399, 'gnoise': 0.0008, 'k': 1.9636, 'c': 0.0513, 'bl': 0.6738, 'fric': 0.0012, 'ib': 0.9674, 'mnt': 0.1437, 'vib': 0.0301, 'roll': 0.0007, 'fs': 0.0049, 'fkr': 0.3832, 'vs': 0.6328}
[10] 迭代  9  本轮 0.040  全局 0.040  摔 0/36  (922s)  未达标: ['ang_std', 'gyro_pk', 'demand', 'nz_max_d', 'rev', 'disp_std', 'f_gyro', 'f_disp', 'g3_6', 'g12_100', 'd0_03']
      {'stall': 0.5832, 'damp': 0.0041, 'irot': 0.0014, 'dpos': 1469.8, 'dneg': 1429.7, 'delay': 1.2399, 'gnoise': 0.0008, 'k': 1.9636, 'c': 0.0513, 'bl': 0.6738, 'fric': 0.0012, 'ib': 0.9674, 'mnt': 0.1437, 'vib': 0.0301, 'roll': 0.0007, 'fs': 0.0049, 'fkr': 0.3832, 'vs': 0.6328}
[10] 迭代 10  本轮 0.039  全局 0.039  摔 0/36  (1012s)  未达标: ['ang_std', 'gyro_pk', 'nz_max_d', 'rev', 'disp_std', 'f_gyro', 'f_disp', 'g3_6', 'g6_12', 'g12_100']
      {'stall': 0.5627, 'damp': 0.0039, 'irot': 0.0012, 'dpos': 1473.1, 'dneg': 1442.7, 'delay': 1.6334, 'gnoise': 0.0006, 'k': 2.371, 'c': 0.056, 'bl': 0.722, 'fric': 0.0012, 'ib': 0.9512, 'mnt': 0.0032, 'vib': 0.0308, 'roll': 0.0009, 'fs': 0.0067, 'fkr': 0.4179, 'vs': 0.6009}
[10] 迭代 11  本轮 0.039  全局 0.039  摔 0/36  (1102s)  未达标: ['ang_std', 'gyro_pk', 'nz_max_d', 'rev', 'disp_std', 'f_gyro', 'f_disp', 'g3_6', 'g6_12', 'g12_100']
      {'stall': 0.5627, 'damp': 0.0039, 'irot': 0.0012, 'dpos': 1473.1, 'dneg': 1442.7, 'delay': 1.6334, 'gnoise': 0.0006, 'k': 2.371, 'c': 0.056, 'bl': 0.722, 'fric': 0.0012, 'ib': 0.9512, 'mnt': 0.0032, 'vib': 0.0308, 'roll': 0.0009, 'fs': 0.0067, 'fkr': 0.4179, 'vs': 0.6009}
[10] 迭代 12  本轮 0.033  全局 0.033  摔 0/36  (1193s)  未达标: ['ang_std', 'gyro_pk', 'demand', 'nz_max_d', 'rev', 'disp_std', 'f_gyro', 'f_disp', 'g3_6', 'g6_12', 'g12_100']
      {'stall': 0.5526, 'damp': 0.0047, 'irot': 0.0012, 'dpos': 1469.4, 'dneg': 1434.9, 'delay': 1.703, 'gnoise': 0.0008, 'k': 1.8375, 'c': 0.0513, 'bl': 0.7066, 'fric': 0.0011, 'ib': 0.9822, 'mnt': 0.0792, 'vib': 0.03, 'roll': 0.0008, 'fs': 0.0065, 'fkr': 0.4026, 'vs': 0.6147}
[10] 迭代 13  本轮 0.033  全局 0.033  摔 0/36  (1284s)  未达标: ['ang_std', 'gyro_pk', 'demand', 'nz_max_d', 'rev', 'disp_std', 'f_gyro', 'f_disp', 'g3_6', 'g6_12', 'g12_100']
      {'stall': 0.5526, 'damp': 0.0047, 'irot': 0.0012, 'dpos': 1469.4, 'dneg': 1434.9, 'delay': 1.703, 'gnoise': 0.0008, 'k': 1.8375, 'c': 0.0513, 'bl': 0.7066, 'fric': 0.0011, 'ib': 0.9822, 'mnt': 0.0792, 'vib': 0.03, 'roll': 0.0008, 'fs': 0.0065, 'fkr': 0.4026, 'vs': 0.6147}
[10] 迭代 14  本轮 0.033  全局 0.033  摔 0/36  (1374s)  未达标: ['ang_std', 'gyro_pk', 'demand', 'nz_max_d', 'rev', 'disp_std', 'f_gyro', 'f_disp', 'g3_6', 'g6_12', 'g12_100']
      {'stall': 0.5526, 'damp': 0.0047, 'irot': 0.0012, 'dpos': 1469.4, 'dneg': 1434.9, 'delay': 1.703, 'gnoise': 0.0008, 'k': 1.8375, 'c': 0.0513, 'bl': 0.7066, 'fric': 0.0011, 'ib': 0.9822, 'mnt': 0.0792, 'vib': 0.03, 'roll': 0.0008, 'fs': 0.0065, 'fkr': 0.4026, 'vs': 0.6147}
[10] 迭代 15  本轮 0.033  全局 0.033  摔 0/36  (1470s)  未达标: ['ang_std', 'gyro_pk', 'demand', 'nz_max_d', 'rev', 'disp_std', 'f_gyro', 'f_disp', 'g3_6', 'g6_12', 'g12_100']
      {'stall': 0.5526, 'damp': 0.0047, 'irot': 0.0012, 'dpos': 1469.4, 'dneg': 1434.9, 'delay': 1.703, 'gnoise': 0.0008, 'k': 1.8375, 'c': 0.0513, 'bl': 0.7066, 'fric': 0.0011, 'ib': 0.9822, 'mnt': 0.0792, 'vib': 0.03, 'roll': 0.0008, 'fs': 0.0065, 'fkr': 0.4026, 'vs': 0.6147}
