[B] 迭代  0  本轮 3.470  全局 3.470  失败 0/40  (117s)
      {'stall': 0.5425, 'damp': 0.012, 'irot': 0.0009, 'dpos': 1513.1, 'dneg': 1513.1, 'delay': 1.8268, 'gnoise': 0.0007, 'bl': 0.6995, 'ib': 1.0, 'lc': 1.0, 'enc': 1.0, 'mnt': 0.31, 'k': 15.6, 'c': 0.0389}
      {'still': 0.568, 'gain': 0.194, 'phase': 0.096, 'corr': 0.099, 'kd120': 0.824, 'kp384': 2.028}
[B] 迭代  1  本轮 3.470  全局 3.470  失败 3/40  (235s)
      {'stall': 0.5425, 'damp': 0.012, 'irot': 0.0009, 'dpos': 1513.1, 'dneg': 1513.1, 'delay': 1.8268, 'gnoise': 0.0007, 'bl': 0.6995, 'ib': 1.0, 'lc': 1.0, 'enc': 1.0, 'mnt': 0.31, 'k': 15.6, 'c': 0.0389}
      {'still': 0.568, 'gain': 0.194, 'phase': 0.096, 'corr': 0.099, 'kd120': 0.824, 'kp384': 2.028}
[B] 迭代  2  本轮 3.470  全局 3.470  失败 0/40  (356s)
      {'stall': 0.5425, 'damp': 0.012, 'irot': 0.0009, 'dpos': 1513.1, 'dneg': 1513.1, 'delay': 1.8268, 'gnoise': 0.0007, 'bl': 0.6995, 'ib': 1.0, 'lc': 1.0, 'enc': 1.0, 'mnt': 0.31, 'k': 15.6, 'c': 0.0389}
      {'still': 0.568, 'gain': 0.194, 'phase': 0.096, 'corr': 0.099, 'kd120': 0.824, 'kp384': 2.028}
[B] 迭代  3  本轮 3.300  全局 3.300  失败 0/40  (478s)
      {'stall': 0.5231, 'damp': 0.0112, 'irot': 0.0007, 'dpos': 1516.8, 'dneg': 1534.7, 'delay': 1.9262, 'gnoise': 0.0009, 'bl': 0.6369, 'ib': 0.9798, 'lc': 1.0478, 'enc': 1.0032, 'mnt': 0.284, 'k': 16.1, 'c': 0.0745}
      {'still': 0.527, 'gain': 0.234, 'phase': 0.135, 'corr': 0.14, 'kd120': 0.682, 'kp384': 1.871}
[B] 迭代  4  本轮 3.243  全局 3.243  失败 0/40  (600s)
      {'stall': 0.5093, 'damp': 0.0116, 'irot': 0.0006, 'dpos': 1528.0, 'dneg': 1521.6, 'delay': 2.0232, 'gnoise': 0.0012, 'bl': 0.5598, 'ib': 1.054, 'lc': 0.9705, 'enc': 1.0031, 'mnt': 0.3, 'k': 15.3, 'c': 0.0909}
      {'still': 0.57, 'gain': 0.247, 'phase': 0.154, 'corr': 0.151, 'kd120': 0.598, 'kp384': 1.516}
[B] 迭代  5  本轮 3.243  全局 3.243  失败 0/40  (721s)
      {'stall': 0.5093, 'damp': 0.0116, 'irot': 0.0006, 'dpos': 1528.0, 'dneg': 1521.6, 'delay': 2.0232, 'gnoise': 0.0012, 'bl': 0.5598, 'ib': 1.054, 'lc': 0.9705, 'enc': 1.0031, 'mnt': 0.3, 'k': 15.3, 'c': 0.0909}
      {'still': 0.57, 'gain': 0.247, 'phase': 0.154, 'corr': 0.151, 'kd120': 0.598, 'kp384': 1.516}
[B] 迭代  6  本轮 3.205  全局 3.205  失败 0/40  (844s)
      {'stall': 0.555, 'damp': 0.0123, 'irot': 0.0007, 'dpos': 1524.9, 'dneg': 1520.3, 'delay': 1.8705, 'gnoise': 0.0009, 'bl': 0.6196, 'ib': 0.9724, 'lc': 1.084, 'enc': 1.0043, 'mnt': 0.2859, 'k': 14.7, 'c': 0.0759}
      {'still': 0.488, 'gain': 0.25, 'phase': 0.144, 'corr': 0.156, 'kd120': 0.674, 'kp384': 1.851}
[B] 迭代  7  本轮 2.994  全局 2.994  失败 0/40  (966s)
      {'stall': 0.5176, 'damp': 0.0095, 'irot': 0.0006, 'dpos': 1534.9, 'dneg': 1521.7, 'delay': 1.9774, 'gnoise': 0.0008, 'bl': 0.6093, 'ib': 1.0343, 'lc': 1.0001, 'enc': 0.9984, 'mnt': 0.3088, 'k': 15.8, 'c': 0.0828}
      {'still': 0.469, 'gain': 0.236, 'phase': 0.142, 'corr': 0.145, 'kd120': 0.632, 'kp384': 1.639}
[B] 迭代  8  本轮 2.994  全局 2.994  失败 0/40  (1087s)
      {'stall': 0.5176, 'damp': 0.0095, 'irot': 0.0006, 'dpos': 1534.9, 'dneg': 1521.7, 'delay': 1.9774, 'gnoise': 0.0008, 'bl': 0.6093, 'ib': 1.0343, 'lc': 1.0001, 'enc': 0.9984, 'mnt': 0.3088, 'k': 15.8, 'c': 0.0828}
      {'still': 0.469, 'gain': 0.236, 'phase': 0.142, 'corr': 0.145, 'kd120': 0.632, 'kp384': 1.639}
[B] 迭代  9  本轮 2.994  全局 2.994  失败 2/40  (1207s)
      {'stall': 0.5176, 'damp': 0.0095, 'irot': 0.0006, 'dpos': 1534.9, 'dneg': 1521.7, 'delay': 1.9774, 'gnoise': 0.0008, 'bl': 0.6093, 'ib': 1.0343, 'lc': 1.0001, 'enc': 0.9984, 'mnt': 0.3088, 'k': 15.8, 'c': 0.0828}
      {'still': 0.469, 'gain': 0.236, 'phase': 0.142, 'corr': 0.145, 'kd120': 0.632, 'kp384': 1.639}
[B] 迭代 10  本轮 2.994  全局 2.994  失败 0/40  (1328s)
      {'stall': 0.5176, 'damp': 0.0095, 'irot': 0.0006, 'dpos': 1534.9, 'dneg': 1521.7, 'delay': 1.9774, 'gnoise': 0.0008, 'bl': 0.6093, 'ib': 1.0343, 'lc': 1.0001, 'enc': 0.9984, 'mnt': 0.3088, 'k': 15.8, 'c': 0.0828}
      {'still': 0.469, 'gain': 0.236, 'phase': 0.142, 'corr': 0.145, 'kd120': 0.632, 'kp384': 1.639}
[B] 迭代 11  本轮 2.926  全局 2.926  失败 0/40  (1449s)
      {'stall': 0.582, 'damp': 0.01, 'irot': 0.0007, 'dpos': 1525.4, 'dneg': 1531.2, 'delay': 2.0265, 'gnoise': 0.0008, 'bl': 0.5888, 'ib': 1.0303, 'lc': 0.9728, 'enc': 1.0027, 'mnt': 0.3119, 'k': 11.8, 'c': 0.0778}
      {'still': 0.471, 'gain': 0.238, 'phase': 0.162, 'corr': 0.179, 'kd120': 0.642, 'kp384': 1.385}
[B] 迭代 12  本轮 2.923  全局 2.923  失败 0/40  (1570s)
      {'stall': 0.5346, 'damp': 0.0104, 'irot': 0.0006, 'dpos': 1525.4, 'dneg': 1522.8, 'delay': 1.9578, 'gnoise': 0.0009, 'bl': 0.5843, 'ib': 1.027, 'lc': 0.994, 'enc': 1.0033, 'mnt': 0.3269, 'k': 12.0, 'c': 0.0807}
      {'still': 0.452, 'gain': 0.24, 'phase': 0.14, 'corr': 0.139, 'kd120': 0.633, 'kp384': 1.607}
[B] 迭代 13  本轮 2.923  全局 2.923  失败 0/40  (1691s)
      {'stall': 0.5346, 'damp': 0.0104, 'irot': 0.0006, 'dpos': 1525.4, 'dneg': 1522.8, 'delay': 1.9578, 'gnoise': 0.0009, 'bl': 0.5843, 'ib': 1.027, 'lc': 0.994, 'enc': 1.0033, 'mnt': 0.3269, 'k': 12.0, 'c': 0.0807}
      {'still': 0.452, 'gain': 0.24, 'phase': 0.14, 'corr': 0.139, 'kd120': 0.633, 'kp384': 1.607}
[B] 迭代 14  本轮 2.867  全局 2.867  失败 0/40  (1812s)
      {'stall': 0.5717, 'damp': 0.0105, 'irot': 0.0006, 'dpos': 1522.0, 'dneg': 1529.5, 'delay': 2.0253, 'gnoise': 0.0008, 'bl': 0.5806, 'ib': 1.0415, 'lc': 0.9988, 'enc': 0.9998, 'mnt': 0.2804, 'k': 11.2, 'c': 0.0778}
      {'still': 0.446, 'gain': 0.243, 'phase': 0.156, 'corr': 0.194, 'kd120': 0.618, 'kp384': 1.412}
[B] 完成
