[6] 迭代  0  本轮 0.080  全局 0.080  摔 0/36  (62s)  未达标: ['ang_std', 'gyro_pk', 'nz_max_d', 'disp_pp', 'disp_std', 'f_gyro', 'f_disp', 'b_3_8']
      {'stall': 0.4598, 'damp': 0.0043, 'irot': 0.0008, 'dpos': 1468.5, 'dneg': 1501.9, 'delay': 1.9322, 'gnoise': 0.001, 'k': 3.8795, 'c': 0.1312, 'bl': 0.9444, 'fric': 0.0005, 'ib': 0.9991, 'mnt': 0.2855, 'vib': 0.022}
[6] 迭代  1  本轮 0.065  全局 0.065  摔 0/36  (125s)  未达标: ['gyro_pk', 'nz_max_d', 'rev', 'enc_max', 'disp_pp', 'disp_std', 'f_gyro', 'f_disp', 'b_8_16', 'b_16_25']
      {'stall': 0.5429, 'damp': 0.0038, 'irot': 0.0009, 'dpos': 1479.1, 'dneg': 1497.6, 'delay': 1.5806, 'gnoise': 0.0018, 'k': 4.3476, 'c': 0.119, 'bl': 0.8781, 'fric': 0.0009, 'ib': 0.8736, 'mnt': 0.2882, 'vib': 0.0199}
[6] 迭代  2  本轮 0.065  全局 0.065  摔 0/36  (188s)  未达标: ['gyro_pk', 'nz_max_d', 'rev', 'enc_max', 'disp_pp', 'disp_std', 'f_gyro', 'f_disp', 'b_8_16', 'b_16_25']
      {'stall': 0.5429, 'damp': 0.0038, 'irot': 0.0009, 'dpos': 1479.1, 'dneg': 1497.6, 'delay': 1.5806, 'gnoise': 0.0018, 'k': 4.3476, 'c': 0.119, 'bl': 0.8781, 'fric': 0.0009, 'ib': 0.8736, 'mnt': 0.2882, 'vib': 0.0199}
[6] 迭代  3  本轮 0.065  全局 0.065  摔 0/36  (251s)  未达标: ['gyro_pk', 'nz_max_d', 'rev', 'enc_max', 'disp_pp', 'disp_std', 'f_gyro', 'f_disp', 'b_8_16', 'b_16_25']
      {'stall': 0.5429, 'damp': 0.0038, 'irot': 0.0009, 'dpos': 1479.1, 'dneg': 1497.6, 'delay': 1.5806, 'gnoise': 0.0018, 'k': 4.3476, 'c': 0.119, 'bl': 0.8781, 'fric': 0.0009, 'ib': 0.8736, 'mnt': 0.2882, 'vib': 0.0199}
[6] 迭代  4  本轮 0.065  全局 0.065  摔 0/36  (314s)  未达标: ['gyro_pk', 'nz_max_d', 'rev', 'enc_max', 'disp_pp', 'disp_std', 'f_gyro', 'f_disp', 'b_8_16', 'b_16_25']
      {'stall': 0.5429, 'damp': 0.0038, 'irot': 0.0009, 'dpos': 1479.1, 'dneg': 1497.6, 'delay': 1.5806, 'gnoise': 0.0018, 'k': 4.3476, 'c': 0.119, 'bl': 0.8781, 'fric': 0.0009, 'ib': 0.8736, 'mnt': 0.2882, 'vib': 0.0199}
[6] 迭代  5  本轮 0.065  全局 0.065  摔 0/36  (379s)  未达标: ['gyro_pk', 'nz_max_d', 'rev', 'enc_max', 'disp_pp', 'disp_std', 'f_gyro', 'f_disp', 'b_8_16', 'b_16_25']
      {'stall': 0.5429, 'damp': 0.0038, 'irot': 0.0009, 'dpos': 1479.1, 'dneg': 1497.6, 'delay': 1.5806, 'gnoise': 0.0018, 'k': 4.3476, 'c': 0.119, 'bl': 0.8781, 'fric': 0.0009, 'ib': 0.8736, 'mnt': 0.2882, 'vib': 0.0199}
[6] 迭代  6  本轮 0.065  全局 0.065  摔 0/36  (444s)  未达标: ['gyro_pk', 'nz_max_d', 'rev', 'enc_max', 'disp_pp', 'disp_std', 'f_gyro', 'f_disp', 'b_8_16', 'b_16_25']
      {'stall': 0.5429, 'damp': 0.0038, 'irot': 0.0009, 'dpos': 1479.1, 'dneg': 1497.6, 'delay': 1.5806, 'gnoise': 0.0018, 'k': 4.3476, 'c': 0.119, 'bl': 0.8781, 'fric': 0.0009, 'ib': 0.8736, 'mnt': 0.2882, 'vib': 0.0199}
[6] 迭代  7  本轮 0.065  全局 0.065  摔 0/36  (508s)  未达标: ['gyro_pk', 'nz_max_d', 'rev', 'enc_max', 'disp_pp', 'disp_std', 'f_gyro', 'f_disp', 'b_8_16', 'b_16_25']
      {'stall': 0.5429, 'damp': 0.0038, 'irot': 0.0009, 'dpos': 1479.1, 'dneg': 1497.6, 'delay': 1.5806, 'gnoise': 0.0018, 'k': 4.3476, 'c': 0.119, 'bl': 0.8781, 'fric': 0.0009, 'ib': 0.8736, 'mnt': 0.2882, 'vib': 0.0199}
[6] 迭代  8  本轮 0.055  全局 0.055  摔 0/36  (571s)  未达标: ['ang_std', 'gyro_pk', 'nz_max_d', 'disp_pp', 'disp_std', 'f_gyro', 'f_disp', 'b_3_8', 'b_16_25']
      {'stall': 0.4944, 'damp': 0.0033, 'irot': 0.0009, 'dpos': 1478.1, 'dneg': 1491.6, 'delay': 1.7058, 'gnoise': 0.002, 'k': 4.3244, 'c': 0.1374, 'bl': 0.9078, 'fric': 0.0007, 'ib': 0.9607, 'mnt': 0.2673, 'vib': 0.0248}
[6] 迭代  9  本轮 0.055  全局 0.055  摔 0/36  (634s)  未达标: ['ang_std', 'gyro_pk', 'nz_max_d', 'disp_pp', 'disp_std', 'f_gyro', 'f_disp', 'b_3_8', 'b_16_25']
      {'stall': 0.4944, 'damp': 0.0033, 'irot': 0.0009, 'dpos': 1478.1, 'dneg': 1491.6, 'delay': 1.7058, 'gnoise': 0.002, 'k': 4.3244, 'c': 0.1374, 'bl': 0.9078, 'fric': 0.0007, 'ib': 0.9607, 'mnt': 0.2673, 'vib': 0.0248}
[6] 迭代 10  本轮 0.051  全局 0.051  摔 0/36  (696s)  未达标: ['ang_std', 'nz_max_d', 'disp_pp', 'disp_std', 'f_gyro', 'f_disp', 'b_3_8', 'b_8_16', 'b_16_25']
      {'stall': 0.4688, 'damp': 0.0036, 'irot': 0.001, 'dpos': 1485.3, 'dneg': 1480.2, 'delay': 1.4864, 'gnoise': 0.0019, 'k': 4.2722, 'c': 0.1148, 'bl': 0.9099, 'fric': 0.0008, 'ib': 0.8907, 'mnt': 0.3062, 'vib': 0.029}
[6] 迭代 11  本轮 0.045  全局 0.045  摔 0/36  (759s)  未达标: ['ang_std', 'gyro_pk', 'nz_max_d', 'disp_pp', 'disp_std', 'f_gyro', 'f_disp', 'b_3_8', 'b_8_16', 'b_16_25']
      {'stall': 0.4923, 'damp': 0.0034, 'irot': 0.001, 'dpos': 1474.0, 'dneg': 1482.8, 'delay': 1.7581, 'gnoise': 0.0015, 'k': 3.5337, 'c': 0.1104, 'bl': 0.8474, 'fric': 0.0008, 'ib': 0.9489, 'mnt': 0.2491, 'vib': 0.0263}
[6] 迭代 12  本轮 0.045  全局 0.045  摔 0/36  (822s)  未达标: ['ang_std', 'gyro_pk', 'nz_max_d', 'disp_pp', 'disp_std', 'f_gyro', 'f_disp', 'b_3_8', 'b_8_16', 'b_16_25']
      {'stall': 0.4923, 'damp': 0.0034, 'irot': 0.001, 'dpos': 1474.0, 'dneg': 1482.8, 'delay': 1.7581, 'gnoise': 0.0015, 'k': 3.5337, 'c': 0.1104, 'bl': 0.8474, 'fric': 0.0008, 'ib': 0.9489, 'mnt': 0.2491, 'vib': 0.0263}
[6] 迭代 13  本轮 0.045  全局 0.045  摔 0/36  (885s)  未达标: ['ang_std', 'gyro_pk', 'nz_max_d', 'disp_pp', 'disp_std', 'f_gyro', 'f_disp', 'b_3_8', 'b_8_16', 'b_16_25']
      {'stall': 0.4923, 'damp': 0.0034, 'irot': 0.001, 'dpos': 1474.0, 'dneg': 1482.8, 'delay': 1.7581, 'gnoise': 0.0015, 'k': 3.5337, 'c': 0.1104, 'bl': 0.8474, 'fric': 0.0008, 'ib': 0.9489, 'mnt': 0.2491, 'vib': 0.0263}
[6] 迭代 14  本轮 0.040  全局 0.040  摔 0/36  (947s)  未达标: ['ang_std', 'disp_pp', 'disp_std', 'f_gyro', 'f_disp', 'b_3_8', 'b_16_25']
      {'stall': 0.5064, 'damp': 0.0031, 'irot': 0.0009, 'dpos': 1480.1, 'dneg': 1486.9, 'delay': 1.4692, 'gnoise': 0.0015, 'k': 3.6927, 'c': 0.1065, 'bl': 0.9056, 'fric': 0.0009, 'ib': 0.9243, 'mnt': 0.2632, 'vib': 0.0267}
[6] 迭代 15  本轮 0.040  全局 0.040  摔 0/36  (1011s)  未达标: ['ang_std', 'disp_pp', 'disp_std', 'f_gyro', 'f_disp', 'b_3_8', 'b_16_25']
      {'stall': 0.5064, 'damp': 0.0031, 'irot': 0.0009, 'dpos': 1480.1, 'dneg': 1486.9, 'delay': 1.4692, 'gnoise': 0.0015, 'k': 3.6927, 'c': 0.1065, 'bl': 0.9056, 'fric': 0.0009, 'ib': 0.9243, 'mnt': 0.2632, 'vib': 0.0267}
[6] 迭代 16  本轮 0.040  全局 0.040  摔 0/36  (1073s)  未达标: ['ang_std', 'disp_pp', 'disp_std', 'f_gyro', 'f_disp', 'b_3_8', 'b_16_25']
      {'stall': 0.5064, 'damp': 0.0031, 'irot': 0.0009, 'dpos': 1480.1, 'dneg': 1486.9, 'delay': 1.4692, 'gnoise': 0.0015, 'k': 3.6927, 'c': 0.1065, 'bl': 0.9056, 'fric': 0.0009, 'ib': 0.9243, 'mnt': 0.2632, 'vib': 0.0267}
[6] 迭代 17  本轮 0.040  全局 0.040  摔 0/36  (1137s)  未达标: ['ang_std', 'disp_pp', 'disp_std', 'f_gyro', 'f_disp', 'b_3_8', 'b_16_25']
      {'stall': 0.5064, 'damp': 0.0031, 'irot': 0.0009, 'dpos': 1480.1, 'dneg': 1486.9, 'delay': 1.4692, 'gnoise': 0.0015, 'k': 3.6927, 'c': 0.1065, 'bl': 0.9056, 'fric': 0.0009, 'ib': 0.9243, 'mnt': 0.2632, 'vib': 0.0267}
[6] 迭代 18  本轮 0.040  全局 0.040  摔 0/36  (1200s)  未达标: ['ang_std', 'disp_pp', 'disp_std', 'f_gyro', 'f_disp', 'b_3_8', 'b_16_25']
      {'stall': 0.5064, 'damp': 0.0031, 'irot': 0.0009, 'dpos': 1480.1, 'dneg': 1486.9, 'delay': 1.4692, 'gnoise': 0.0015, 'k': 3.6927, 'c': 0.1065, 'bl': 0.9056, 'fric': 0.0009, 'ib': 0.9243, 'mnt': 0.2632, 'vib': 0.0267}
[6] 迭代 19  本轮 0.040  全局 0.040  摔 0/36  (1263s)  未达标: ['ang_std', 'gyro_pk', 'nz_max_d', 'disp_pp', 'disp_std', 'f_gyro', 'f_disp', 'b_3_8', 'b_16_25']
      {'stall': 0.491, 'damp': 0.0029, 'irot': 0.001, 'dpos': 1475.5, 'dneg': 1488.9, 'delay': 1.5509, 'gnoise': 0.0016, 'k': 3.7172, 'c': 0.1059, 'bl': 0.9095, 'fric': 0.0009, 'ib': 0.9102, 'mnt': 0.2573, 'vib': 0.0249}
[4] 完成
