[7] 迭代  0  本轮 0.068  全局 0.068  摔 0/36  (61s)  未达标: ['ang_std', 'gyro_pk', 'nz_max_d', 'enc_max', 'disp_pp', 'disp_std', 'f_gyro', 'f_disp', 'b_3_8', 'b_16_25']
      {'stall': 0.491, 'damp': 0.0029, 'irot': 0.001, 'dpos': 1475.5, 'dneg': 1488.9, 'delay': 1.5509, 'gnoise': 0.0016, 'k': 3.7172, 'c': 0.1059, 'bl': 0.9095, 'fric': 0.0009, 'ib': 0.9102, 'mnt': 0.2573, 'vib': 0.0249}
[7] 迭代  1  本轮 0.068  全局 0.068  摔 0/36  (124s)  未达标: ['ang_std', 'gyro_pk', 'nz_max_d', 'enc_max', 'disp_pp', 'disp_std', 'f_gyro', 'f_disp', 'b_3_8', 'b_16_25']
      {'stall': 0.491, 'damp': 0.0029, 'irot': 0.001, 'dpos': 1475.5, 'dneg': 1488.9, 'delay': 1.5509, 'gnoise': 0.0016, 'k': 3.7172, 'c': 0.1059, 'bl': 0.9095, 'fric': 0.0009, 'ib': 0.9102, 'mnt': 0.2573, 'vib': 0.0249}
[7] 迭代  2  本轮 0.050  全局 0.050  摔 0/36  (187s)  未达标: ['ang_std', 'gyro_rms', 'gyro_pk', 'median_d', 'nz_max_d', 'disp_pp', 'disp_std', 'f_gyro', 'f_disp', 'b_3_8']
      {'stall': 0.5141, 'damp': 0.0029, 'irot': 0.0012, 'dpos': 1470.3, 'dneg': 1504.0, 'delay': 1.0292, 'gnoise': 0.0015, 'k': 2.9868, 'c': 0.0689, 'bl': 0.9784, 'fric': 0.0008, 'ib': 0.9836, 'mnt': 0.3182, 'vib': 0.0289}
[7] 迭代  3  本轮 0.050  全局 0.050  摔 0/36  (250s)  未达标: ['ang_std', 'gyro_rms', 'gyro_pk', 'median_d', 'nz_max_d', 'disp_pp', 'disp_std', 'f_gyro', 'f_disp', 'b_3_8']
      {'stall': 0.5141, 'damp': 0.0029, 'irot': 0.0012, 'dpos': 1470.3, 'dneg': 1504.0, 'delay': 1.0292, 'gnoise': 0.0015, 'k': 2.9868, 'c': 0.0689, 'bl': 0.9784, 'fric': 0.0008, 'ib': 0.9836, 'mnt': 0.3182, 'vib': 0.0289}
[7] 迭代  4  本轮 0.050  全局 0.050  摔 0/36  (313s)  未达标: ['ang_std', 'gyro_rms', 'gyro_pk', 'median_d', 'nz_max_d', 'disp_pp', 'disp_std', 'f_gyro', 'f_disp', 'b_3_8']
      {'stall': 0.5141, 'damp': 0.0029, 'irot': 0.0012, 'dpos': 1470.3, 'dneg': 1504.0, 'delay': 1.0292, 'gnoise': 0.0015, 'k': 2.9868, 'c': 0.0689, 'bl': 0.9784, 'fric': 0.0008, 'ib': 0.9836, 'mnt': 0.3182, 'vib': 0.0289}
[7] 迭代  5  本轮 0.050  全局 0.050  摔 0/36  (375s)  未达标: ['ang_std', 'gyro_rms', 'gyro_pk', 'median_d', 'nz_max_d', 'disp_pp', 'disp_std', 'f_gyro', 'f_disp', 'b_3_8']
      {'stall': 0.5141, 'damp': 0.0029, 'irot': 0.0012, 'dpos': 1470.3, 'dneg': 1504.0, 'delay': 1.0292, 'gnoise': 0.0015, 'k': 2.9868, 'c': 0.0689, 'bl': 0.9784, 'fric': 0.0008, 'ib': 0.9836, 'mnt': 0.3182, 'vib': 0.0289}
[7] 迭代  6  本轮 0.043  全局 0.043  摔 0/36  (438s)  未达标: ['ang_std', 'nz_max_d', 'enc_abs', 'disp_pp', 'disp_std', 'f_gyro', 'f_disp', 'b_3_8', 'b_8_16', 'b_16_25']
      {'stall': 0.4958, 'damp': 0.0028, 'irot': 0.0011, 'dpos': 1477.9, 'dneg': 1480.6, 'delay': 1.4513, 'gnoise': 0.0019, 'k': 3.7173, 'c': 0.0999, 'bl': 0.8753, 'fric': 0.0009, 'ib': 0.9048, 'mnt': 0.2965, 'vib': 0.0296}
[7] 迭代  7  本轮 0.043  全局 0.043  摔 0/36  (502s)  未达标: ['ang_std', 'nz_max_d', 'enc_abs', 'disp_pp', 'disp_std', 'f_gyro', 'f_disp', 'b_3_8', 'b_8_16', 'b_16_25']
      {'stall': 0.4958, 'damp': 0.0028, 'irot': 0.0011, 'dpos': 1477.9, 'dneg': 1480.6, 'delay': 1.4513, 'gnoise': 0.0019, 'k': 3.7173, 'c': 0.0999, 'bl': 0.8753, 'fric': 0.0009, 'ib': 0.9048, 'mnt': 0.2965, 'vib': 0.0296}
[7] 迭代  8  本轮 0.043  全局 0.043  摔 0/36  (565s)  未达标: ['ang_std', 'nz_max_d', 'enc_abs', 'disp_pp', 'disp_std', 'f_gyro', 'f_disp', 'b_3_8', 'b_8_16', 'b_16_25']
      {'stall': 0.4958, 'damp': 0.0028, 'irot': 0.0011, 'dpos': 1477.9, 'dneg': 1480.6, 'delay': 1.4513, 'gnoise': 0.0019, 'k': 3.7173, 'c': 0.0999, 'bl': 0.8753, 'fric': 0.0009, 'ib': 0.9048, 'mnt': 0.2965, 'vib': 0.0296}
[7] 迭代  9  本轮 0.043  全局 0.043  摔 0/36  (628s)  未达标: ['ang_std', 'nz_max_d', 'enc_abs', 'disp_pp', 'disp_std', 'f_gyro', 'f_disp', 'b_3_8', 'b_8_16', 'b_16_25']
      {'stall': 0.4958, 'damp': 0.0028, 'irot': 0.0011, 'dpos': 1477.9, 'dneg': 1480.6, 'delay': 1.4513, 'gnoise': 0.0019, 'k': 3.7173, 'c': 0.0999, 'bl': 0.8753, 'fric': 0.0009, 'ib': 0.9048, 'mnt': 0.2965, 'vib': 0.0296}
[7] 迭代 10  本轮 0.043  全局 0.043  摔 0/36  (690s)  未达标: ['ang_std', 'nz_max_d', 'enc_abs', 'disp_pp', 'disp_std', 'f_gyro', 'f_disp', 'b_3_8', 'b_8_16', 'b_16_25']
      {'stall': 0.4958, 'damp': 0.0028, 'irot': 0.0011, 'dpos': 1477.9, 'dneg': 1480.6, 'delay': 1.4513, 'gnoise': 0.0019, 'k': 3.7173, 'c': 0.0999, 'bl': 0.8753, 'fric': 0.0009, 'ib': 0.9048, 'mnt': 0.2965, 'vib': 0.0296}
[7] 迭代 11  本轮 0.037  全局 0.037  摔 0/36  (753s)  未达标: ['ang_std', 'gyro_pk', 'nz_max_d', 'enc_abs', 'disp_pp', 'disp_std', 'f_gyro', 'f_disp', 'b_3_8', 'b_8_16', 'b_16_25']
      {'stall': 0.4928, 'damp': 0.0025, 'irot': 0.0011, 'dpos': 1474.7, 'dneg': 1483.4, 'delay': 1.4544, 'gnoise': 0.0014, 'k': 3.1759, 'c': 0.0881, 'bl': 0.8278, 'fric': 0.0008, 'ib': 0.9053, 'mnt': 0.2477, 'vib': 0.031}
[7] 迭代 12  本轮 0.037  全局 0.037  摔 0/36  (816s)  未达标: ['ang_std', 'gyro_pk', 'nz_max_d', 'enc_abs', 'disp_pp', 'disp_std', 'f_gyro', 'f_disp', 'b_3_8', 'b_8_16', 'b_16_25']
      {'stall': 0.4928, 'damp': 0.0025, 'irot': 0.0011, 'dpos': 1474.7, 'dneg': 1483.4, 'delay': 1.4544, 'gnoise': 0.0014, 'k': 3.1759, 'c': 0.0881, 'bl': 0.8278, 'fric': 0.0008, 'ib': 0.9053, 'mnt': 0.2477, 'vib': 0.031}
[7] 迭代 13  本轮 0.037  全局 0.037  摔 0/36  (879s)  未达标: ['ang_std', 'gyro_pk', 'nz_max_d', 'enc_abs', 'disp_pp', 'disp_std', 'f_gyro', 'f_disp', 'b_3_8', 'b_8_16', 'b_16_25']
      {'stall': 0.4928, 'damp': 0.0025, 'irot': 0.0011, 'dpos': 1474.7, 'dneg': 1483.4, 'delay': 1.4544, 'gnoise': 0.0014, 'k': 3.1759, 'c': 0.0881, 'bl': 0.8278, 'fric': 0.0008, 'ib': 0.9053, 'mnt': 0.2477, 'vib': 0.031}
[7] 迭代 14  本轮 0.037  全局 0.037  摔 0/36  (942s)  未达标: ['ang_std', 'gyro_pk', 'nz_max_d', 'enc_abs', 'disp_pp', 'disp_std', 'f_gyro', 'f_disp', 'b_3_8', 'b_8_16', 'b_16_25']
      {'stall': 0.4928, 'damp': 0.0025, 'irot': 0.0011, 'dpos': 1474.7, 'dneg': 1483.4, 'delay': 1.4544, 'gnoise': 0.0014, 'k': 3.1759, 'c': 0.0881, 'bl': 0.8278, 'fric': 0.0008, 'ib': 0.9053, 'mnt': 0.2477, 'vib': 0.031}
[7] 迭代 15  本轮 0.037  全局 0.037  摔 0/36  (1004s)  未达标: ['ang_std', 'gyro_pk', 'nz_max_d', 'enc_abs', 'disp_pp', 'disp_std', 'f_gyro', 'f_disp', 'b_3_8', 'b_8_16', 'b_16_25']
      {'stall': 0.4928, 'damp': 0.0025, 'irot': 0.0011, 'dpos': 1474.7, 'dneg': 1483.4, 'delay': 1.4544, 'gnoise': 0.0014, 'k': 3.1759, 'c': 0.0881, 'bl': 0.8278, 'fric': 0.0008, 'ib': 0.9053, 'mnt': 0.2477, 'vib': 0.031}
[7] 迭代 16  本轮 0.037  全局 0.037  摔 0/36  (1067s)  未达标: ['ang_std', 'gyro_pk', 'nz_max_d', 'enc_abs', 'disp_pp', 'disp_std', 'f_gyro', 'f_disp', 'b_3_8', 'b_8_16', 'b_16_25']
      {'stall': 0.4928, 'damp': 0.0025, 'irot': 0.0011, 'dpos': 1474.7, 'dneg': 1483.4, 'delay': 1.4544, 'gnoise': 0.0014, 'k': 3.1759, 'c': 0.0881, 'bl': 0.8278, 'fric': 0.0008, 'ib': 0.9053, 'mnt': 0.2477, 'vib': 0.031}
[7] 迭代 17  本轮 0.037  全局 0.037  摔 0/36  (1138s)  未达标: ['ang_std', 'gyro_pk', 'nz_max_d', 'enc_abs', 'disp_pp', 'disp_std', 'f_gyro', 'f_disp', 'b_3_8', 'b_8_16', 'b_16_25']
      {'stall': 0.4928, 'damp': 0.0025, 'irot': 0.0011, 'dpos': 1474.7, 'dneg': 1483.4, 'delay': 1.4544, 'gnoise': 0.0014, 'k': 3.1759, 'c': 0.0881, 'bl': 0.8278, 'fric': 0.0008, 'ib': 0.9053, 'mnt': 0.2477, 'vib': 0.031}
[7] 迭代 18  本轮 0.037  全局 0.037  摔 0/36  (1206s)  未达标: ['ang_std', 'gyro_pk', 'nz_max_d', 'enc_abs', 'disp_pp', 'disp_std', 'f_gyro', 'f_disp', 'b_3_8', 'b_8_16', 'b_16_25']
      {'stall': 0.4928, 'damp': 0.0025, 'irot': 0.0011, 'dpos': 1474.7, 'dneg': 1483.4, 'delay': 1.4544, 'gnoise': 0.0014, 'k': 3.1759, 'c': 0.0881, 'bl': 0.8278, 'fric': 0.0008, 'ib': 0.9053, 'mnt': 0.2477, 'vib': 0.031}
[7] 迭代 19  本轮 0.037  全局 0.037  摔 0/36  (1274s)  未达标: ['ang_std', 'gyro_pk', 'nz_max_d', 'enc_abs', 'disp_pp', 'disp_std', 'f_gyro', 'f_disp', 'b_3_8', 'b_8_16', 'b_16_25']
      {'stall': 0.4928, 'damp': 0.0025, 'irot': 0.0011, 'dpos': 1474.7, 'dneg': 1483.4, 'delay': 1.4544, 'gnoise': 0.0014, 'k': 3.1759, 'c': 0.0881, 'bl': 0.8278, 'fric': 0.0008, 'ib': 0.9053, 'mnt': 0.2477, 'vib': 0.031}
[4] 完成
