[9] 迭代  0  本轮 0.075  全局 0.075  摔 0/36  (66s)  未达标: ['ang_std', 'gyro_pk', 'nz_max_d', 'rev', 'disp_std', 'f_gyro', 'f_disp', 'g3_6', 'g6_12', 'g12_100', 'd0_03']
      {'stall': 0.5893, 'damp': 0.0027, 'irot': 0.0014, 'dpos': 1485.2, 'dneg': 1464.6, 'delay': 1.8187, 'gnoise': 0.0015, 'k': 3.1524, 'c': 0.0873, 'bl': 0.7818, 'fric': 0.0027, 'ib': 0.9343, 'mnt': 0.2278, 'vib': 0.0309, 'roll': 0.0005}
[9] 迭代  1  本轮 0.060  全局 0.060  摔 0/36  (135s)  未达标: ['ang_std', 'nz_max_d', 'rev', 'disp_std', 'f_gyro', 'f_disp', 'g3_6', 'g6_12']
      {'stall': 0.6416, 'damp': 0.0031, 'irot': 0.0012, 'dpos': 1502.3, 'dneg': 1484.0, 'delay': 2.3833, 'gnoise': 0.0006, 'k': 2.2656, 'c': 0.0594, 'bl': 0.6885, 'fric': 0.0005, 'ib': 0.9768, 'mnt': 0.1469, 'vib': 0.0421, 'roll': 0.0007}
[9] 迭代  2  本轮 0.060  全局 0.060  摔 0/36  (204s)  未达标: ['ang_std', 'nz_max_d', 'rev', 'disp_std', 'f_gyro', 'f_disp', 'g3_6', 'g6_12']
      {'stall': 0.6416, 'damp': 0.0031, 'irot': 0.0012, 'dpos': 1502.3, 'dneg': 1484.0, 'delay': 2.3833, 'gnoise': 0.0006, 'k': 2.2656, 'c': 0.0594, 'bl': 0.6885, 'fric': 0.0005, 'ib': 0.9768, 'mnt': 0.1469, 'vib': 0.0421, 'roll': 0.0007}
[9] 迭代  3  本轮 0.060  全局 0.060  摔 0/36  (274s)  未达标: ['ang_std', 'nz_max_d', 'rev', 'disp_std', 'f_gyro', 'f_disp', 'g3_6', 'g6_12']
      {'stall': 0.6416, 'damp': 0.0031, 'irot': 0.0012, 'dpos': 1502.3, 'dneg': 1484.0, 'delay': 2.3833, 'gnoise': 0.0006, 'k': 2.2656, 'c': 0.0594, 'bl': 0.6885, 'fric': 0.0005, 'ib': 0.9768, 'mnt': 0.1469, 'vib': 0.0421, 'roll': 0.0007}
[9] 迭代  4  本轮 0.059  全局 0.059  摔 0/36  (342s)  未达标: ['ang_std', 'nz_max_d', 'rev', 'enc_abs', 'disp_std', 'f_gyro', 'f_disp', 'g3_6', 'g6_12']
      {'stall': 0.5986, 'damp': 0.0022, 'irot': 0.0013, 'dpos': 1487.1, 'dneg': 1486.5, 'delay': 1.7725, 'gnoise': 0.001, 'k': 2.4797, 'c': 0.0569, 'bl': 0.7092, 'fric': 0.0036, 'ib': 0.9478, 'mnt': 0.1693, 'vib': 0.041, 'roll': 0.0006}
[9] 迭代  5  本轮 0.059  全局 0.059  摔 0/36  (409s)  未达标: ['ang_std', 'nz_max_d', 'rev', 'enc_abs', 'disp_std', 'f_gyro', 'f_disp', 'g3_6', 'g6_12']
      {'stall': 0.5986, 'damp': 0.0022, 'irot': 0.0013, 'dpos': 1487.1, 'dneg': 1486.5, 'delay': 1.7725, 'gnoise': 0.001, 'k': 2.4797, 'c': 0.0569, 'bl': 0.7092, 'fric': 0.0036, 'ib': 0.9478, 'mnt': 0.1693, 'vib': 0.041, 'roll': 0.0006}
[9] 迭代  6  本轮 0.047  全局 0.047  摔 0/36  (476s)  未达标: ['ang_std', 'gyro_pk', 'nz_max_d', 'rev', 'disp_std', 'f_gyro', 'f_disp', 'g3_6', 'g6_12', 'g12_100']
      {'stall': 0.6621, 'damp': 0.0026, 'irot': 0.0014, 'dpos': 1496.1, 'dneg': 1443.7, 'delay': 1.7977, 'gnoise': 0.0009, 'k': 2.4693, 'c': 0.0642, 'bl': 0.6612, 'fric': 0.0024, 'ib': 0.9499, 'mnt': 0.1783, 'vib': 0.034, 'roll': 0.0007}
[9] 迭代  7  本轮 0.047  全局 0.047  摔 0/36  (542s)  未达标: ['ang_std', 'gyro_pk', 'nz_max_d', 'rev', 'disp_std', 'f_gyro', 'f_disp', 'g3_6', 'g6_12', 'g12_100']
      {'stall': 0.6621, 'damp': 0.0026, 'irot': 0.0014, 'dpos': 1496.1, 'dneg': 1443.7, 'delay': 1.7977, 'gnoise': 0.0009, 'k': 2.4693, 'c': 0.0642, 'bl': 0.6612, 'fric': 0.0024, 'ib': 0.9499, 'mnt': 0.1783, 'vib': 0.034, 'roll': 0.0007}
[9] 迭代  8  本轮 0.045  全局 0.045  摔 0/36  (609s)  未达标: ['ang_std', 'gyro_pk', 'nz_max_d', 'rev', 'disp_std', 'f_gyro', 'f_disp', 'g3_6', 'g6_12', 'g12_100', 'd0_03']
      {'stall': 0.6075, 'damp': 0.0021, 'irot': 0.0012, 'dpos': 1489.9, 'dneg': 1468.1, 'delay': 1.9096, 'gnoise': 0.0009, 'k': 2.5713, 'c': 0.0725, 'bl': 0.6981, 'fric': 0.0014, 'ib': 0.9455, 'mnt': 0.2264, 'vib': 0.0309, 'roll': 0.0007}
[9] 迭代  9  本轮 0.043  全局 0.043  摔 0/36  (675s)  未达标: ['ang_std', 'demand', 'nz_max_d', 'rev', 'disp_std', 'f_gyro', 'f_disp', 'g3_6', 'g6_12', 'g12_100']
      {'stall': 0.6489, 'damp': 0.0023, 'irot': 0.0012, 'dpos': 1496.1, 'dneg': 1469.8, 'delay': 1.8726, 'gnoise': 0.001, 'k': 2.307, 'c': 0.0681, 'bl': 0.7105, 'fric': 0.0028, 'ib': 0.9488, 'mnt': 0.2275, 'vib': 0.0283, 'roll': 0.0007}
[9] 迭代 10  本轮 0.041  全局 0.041  摔 0/36  (741s)  未达标: ['ang_std', 'nz_max_d', 'rev', 'disp_std', 'f_gyro', 'f_disp', 'g3_6', 'g6_12']
      {'stall': 0.6085, 'damp': 0.0027, 'irot': 0.0014, 'dpos': 1487.4, 'dneg': 1456.2, 'delay': 1.797, 'gnoise': 0.001, 'k': 2.6853, 'c': 0.0623, 'bl': 0.6609, 'fric': 0.0009, 'ib': 0.9597, 'mnt': 0.2489, 'vib': 0.0317, 'roll': 0.0007}
[9] 迭代 11  本轮 0.041  全局 0.041  摔 0/36  (807s)  未达标: ['ang_std', 'nz_max_d', 'rev', 'disp_std', 'f_gyro', 'f_disp', 'g3_6', 'g6_12']
      {'stall': 0.6085, 'damp': 0.0027, 'irot': 0.0014, 'dpos': 1487.4, 'dneg': 1456.2, 'delay': 1.797, 'gnoise': 0.001, 'k': 2.6853, 'c': 0.0623, 'bl': 0.6609, 'fric': 0.0009, 'ib': 0.9597, 'mnt': 0.2489, 'vib': 0.0317, 'roll': 0.0007}
[9] 迭代 12  本轮 0.041  全局 0.041  摔 0/36  (873s)  未达标: ['ang_std', 'nz_max_d', 'rev', 'disp_std', 'f_gyro', 'f_disp', 'g3_6', 'g6_12']
      {'stall': 0.6085, 'damp': 0.0027, 'irot': 0.0014, 'dpos': 1487.4, 'dneg': 1456.2, 'delay': 1.797, 'gnoise': 0.001, 'k': 2.6853, 'c': 0.0623, 'bl': 0.6609, 'fric': 0.0009, 'ib': 0.9597, 'mnt': 0.2489, 'vib': 0.0317, 'roll': 0.0007}
[9] 迭代 13  本轮 0.041  全局 0.041  摔 0/36  (939s)  未达标: ['ang_std', 'nz_max_d', 'rev', 'disp_std', 'f_gyro', 'f_disp', 'g3_6', 'g6_12']
      {'stall': 0.6085, 'damp': 0.0027, 'irot': 0.0014, 'dpos': 1487.4, 'dneg': 1456.2, 'delay': 1.797, 'gnoise': 0.001, 'k': 2.6853, 'c': 0.0623, 'bl': 0.6609, 'fric': 0.0009, 'ib': 0.9597, 'mnt': 0.2489, 'vib': 0.0317, 'roll': 0.0007}
[9] 迭代 14  本轮 0.041  全局 0.041  摔 0/36  (1005s)  未达标: ['ang_std', 'nz_max_d', 'rev', 'disp_std', 'f_gyro', 'f_disp', 'g3_6', 'g6_12']
      {'stall': 0.6085, 'damp': 0.0027, 'irot': 0.0014, 'dpos': 1487.4, 'dneg': 1456.2, 'delay': 1.797, 'gnoise': 0.001, 'k': 2.6853, 'c': 0.0623, 'bl': 0.6609, 'fric': 0.0009, 'ib': 0.9597, 'mnt': 0.2489, 'vib': 0.0317, 'roll': 0.0007}
[9] 迭代 15  本轮 0.041  全局 0.041  摔 0/36  (1071s)  未达标: ['ang_std', 'nz_max_d', 'rev', 'disp_std', 'f_gyro', 'f_disp', 'g3_6', 'g6_12']
      {'stall': 0.6085, 'damp': 0.0027, 'irot': 0.0014, 'dpos': 1487.4, 'dneg': 1456.2, 'delay': 1.797, 'gnoise': 0.001, 'k': 2.6853, 'c': 0.0623, 'bl': 0.6609, 'fric': 0.0009, 'ib': 0.9597, 'mnt': 0.2489, 'vib': 0.0317, 'roll': 0.0007}
[9] 迭代 16  本轮 0.041  全局 0.041  摔 0/36  (1138s)  未达标: ['ang_std', 'nz_max_d', 'rev', 'disp_std', 'f_gyro', 'f_disp', 'g3_6', 'g6_12']
      {'stall': 0.6085, 'damp': 0.0027, 'irot': 0.0014, 'dpos': 1487.4, 'dneg': 1456.2, 'delay': 1.797, 'gnoise': 0.001, 'k': 2.6853, 'c': 0.0623, 'bl': 0.6609, 'fric': 0.0009, 'ib': 0.9597, 'mnt': 0.2489, 'vib': 0.0317, 'roll': 0.0007}
[9] 迭代 17  本轮 0.041  全局 0.041  摔 0/36  (1204s)  未达标: ['ang_std', 'nz_max_d', 'rev', 'disp_std', 'f_gyro', 'f_disp', 'g3_6', 'g6_12']
      {'stall': 0.6085, 'damp': 0.0027, 'irot': 0.0014, 'dpos': 1487.4, 'dneg': 1456.2, 'delay': 1.797, 'gnoise': 0.001, 'k': 2.6853, 'c': 0.0623, 'bl': 0.6609, 'fric': 0.0009, 'ib': 0.9597, 'mnt': 0.2489, 'vib': 0.0317, 'roll': 0.0007}
[9] 迭代 18  本轮 0.041  全局 0.041  摔 0/36  (1270s)  未达标: ['ang_std', 'nz_max_d', 'rev', 'disp_std', 'f_gyro', 'f_disp', 'g3_6', 'g6_12']
      {'stall': 0.6085, 'damp': 0.0027, 'irot': 0.0014, 'dpos': 1487.4, 'dneg': 1456.2, 'delay': 1.797, 'gnoise': 0.001, 'k': 2.6853, 'c': 0.0623, 'bl': 0.6609, 'fric': 0.0009, 'ib': 0.9597, 'mnt': 0.2489, 'vib': 0.0317, 'roll': 0.0007}
[9] 迭代 19  本轮 0.041  全局 0.041  摔 0/36  (1337s)  未达标: ['ang_std', 'gyro_pk', 'demand', 'nz_max_d', 'rev', 'enc_abs', 'f_gyro', 'f_disp', 'g3_6', 'g6_12', 'd0_03']
      {'stall': 0.6086, 'damp': 0.0027, 'irot': 0.0013, 'dpos': 1493.7, 'dneg': 1457.7, 'delay': 1.8366, 'gnoise': 0.0009, 'k': 2.4554, 'c': 0.0615, 'bl': 0.6362, 'fric': 0.0005, 'ib': 0.9628, 'mnt': 0.2372, 'vib': 0.0313, 'roll': 0.0008}
[9] 迭代 20  本轮 0.041  全局 0.041  摔 0/36  (1403s)  未达标: ['ang_std', 'gyro_pk', 'demand', 'nz_max_d', 'rev', 'enc_abs', 'f_gyro', 'f_disp', 'g3_6', 'g6_12', 'd0_03']
      {'stall': 0.6086, 'damp': 0.0027, 'irot': 0.0013, 'dpos': 1493.7, 'dneg': 1457.7, 'delay': 1.8366, 'gnoise': 0.0009, 'k': 2.4554, 'c': 0.0615, 'bl': 0.6362, 'fric': 0.0005, 'ib': 0.9628, 'mnt': 0.2372, 'vib': 0.0313, 'roll': 0.0008}
[9] 迭代 21  本轮 0.041  全局 0.041  摔 0/36  (1469s)  未达标: ['ang_std', 'gyro_pk', 'demand', 'nz_max_d', 'rev', 'enc_abs', 'f_gyro', 'f_disp', 'g3_6', 'g6_12', 'd0_03']
      {'stall': 0.6086, 'damp': 0.0027, 'irot': 0.0013, 'dpos': 1493.7, 'dneg': 1457.7, 'delay': 1.8366, 'gnoise': 0.0009, 'k': 2.4554, 'c': 0.0615, 'bl': 0.6362, 'fric': 0.0005, 'ib': 0.9628, 'mnt': 0.2372, 'vib': 0.0313, 'roll': 0.0008}
[9] 迭代 22  本轮 0.041  全局 0.041  摔 0/36  (1535s)  未达标: ['ang_std', 'gyro_pk', 'demand', 'nz_max_d', 'rev', 'enc_abs', 'f_gyro', 'f_disp', 'g3_6', 'g6_12', 'd0_03']
      {'stall': 0.6086, 'damp': 0.0027, 'irot': 0.0013, 'dpos': 1493.7, 'dneg': 1457.7, 'delay': 1.8366, 'gnoise': 0.0009, 'k': 2.4554, 'c': 0.0615, 'bl': 0.6362, 'fric': 0.0005, 'ib': 0.9628, 'mnt': 0.2372, 'vib': 0.0313, 'roll': 0.0008}
[9] 迭代 23  本轮 0.041  全局 0.041  摔 0/36  (1602s)  未达标: ['ang_std', 'gyro_pk', 'demand', 'nz_max_d', 'rev', 'enc_abs', 'f_gyro', 'f_disp', 'g3_6', 'g6_12', 'd0_03']
      {'stall': 0.6086, 'damp': 0.0027, 'irot': 0.0013, 'dpos': 1493.7, 'dneg': 1457.7, 'delay': 1.8366, 'gnoise': 0.0009, 'k': 2.4554, 'c': 0.0615, 'bl': 0.6362, 'fric': 0.0005, 'ib': 0.9628, 'mnt': 0.2372, 'vib': 0.0313, 'roll': 0.0008}
[9] 迭代 24  本轮 0.041  全局 0.041  摔 0/36  (1668s)  未达标: ['ang_std', 'gyro_pk', 'demand', 'nz_max_d', 'rev', 'enc_abs', 'f_gyro', 'f_disp', 'g3_6', 'g6_12', 'd0_03']
      {'stall': 0.6086, 'damp': 0.0027, 'irot': 0.0013, 'dpos': 1493.7, 'dneg': 1457.7, 'delay': 1.8366, 'gnoise': 0.0009, 'k': 2.4554, 'c': 0.0615, 'bl': 0.6362, 'fric': 0.0005, 'ib': 0.9628, 'mnt': 0.2372, 'vib': 0.0313, 'roll': 0.0008}
[4] 完成
