checkpoint_sha256=A850B7CD7B0FBB9BDEC828439D4BEC6EFFA589099ACB2405ACDC6FA4F879511D
torch=2.14.0+cpu stable_baselines3=2.9.0
checkpoint_test_max_abs_error=0
checkpoint_export_max_abs_error=2.98023224e-08
physics_dt=0.001000s control_hz=200.0
fixed seed=00 init=+10.0deg steps=2000 settle=0.395 rms=0.3028deg x_final=+0.0651m success=True
fixed seed=01 init=-10.0deg steps=2000 settle=0.46 rms=0.3004deg x_final=+0.0224m success=True
fixed seed=02 init=+10.0deg steps=2000 settle=0.395 rms=0.3028deg x_final=+0.0651m success=True
fixed seed=03 init=-10.0deg steps=2000 settle=0.46 rms=0.3004deg x_final=+0.0224m success=True
fixed seed=04 init=+10.0deg steps=2000 settle=0.395 rms=0.3028deg x_final=+0.0651m success=True
fixed seed=05 init=-10.0deg steps=2000 settle=0.46 rms=0.3004deg x_final=+0.0224m success=True
fixed seed=06 init=+10.0deg steps=2000 settle=0.395 rms=0.3028deg x_final=+0.0651m success=True
fixed seed=07 init=-10.0deg steps=2000 settle=0.46 rms=0.3004deg x_final=+0.0224m success=True
fixed seed=08 init=+10.0deg steps=2000 settle=0.395 rms=0.3028deg x_final=+0.0651m success=True
fixed seed=09 init=-10.0deg steps=2000 settle=0.46 rms=0.3004deg x_final=+0.0224m success=True
fixed seed=10 init=+10.0deg steps=2000 settle=0.395 rms=0.3028deg x_final=+0.0651m success=True
fixed seed=11 init=-10.0deg steps=2000 settle=0.46 rms=0.3004deg x_final=+0.0224m success=True
fixed seed=12 init=+10.0deg steps=2000 settle=0.395 rms=0.3028deg x_final=+0.0651m success=True
fixed seed=13 init=-10.0deg steps=2000 settle=0.46 rms=0.3004deg x_final=+0.0224m success=True
fixed seed=14 init=+10.0deg steps=2000 settle=0.395 rms=0.3028deg x_final=+0.0651m success=True
official ep=00 cmd=(+0.000,+0.000) payload=0.00 steps=2000 return=3560.68 v=+0.003 yaw=-0.000
official ep=01 cmd=(+0.300,+0.000) payload=0.00 steps=2000 return=3125.98 v=+0.266 yaw=-0.005
official ep=02 cmd=(-0.300,+0.000) payload=0.00 steps=2000 return=3185.37 v=-0.274 yaw=+0.007
official ep=03 cmd=(+0.000,+0.500) payload=0.00 steps=2000 return=3473.26 v=+0.044 yaw=+0.497
official ep=04 cmd=(+0.000,-0.500) payload=0.00 steps=2000 return=3334.05 v=-0.022 yaw=-0.498
official ep=05 cmd=(+0.300,+0.500) payload=0.25 steps=2000 return=2997.84 v=+0.342 yaw=+0.478
official ep=06 cmd=(+0.300,-0.500) payload=0.25 steps=2000 return=3273.06 v=+0.291 yaw=-0.515
official ep=07 cmd=(-0.300,+0.500) payload=0.25 steps=2000 return=3291.51 v=-0.295 yaw=+0.507
official ep=08 cmd=(-0.300,-0.500) payload=0.25 steps=2000 return=3195.38 v=-0.318 yaw=-0.480
official ep=09 cmd=(+0.150,+0.000) payload=0.50 steps=2000 return=3521.91 v=+0.144 yaw=+0.001
official ep=10 cmd=(-0.150,+0.000) payload=0.50 steps=2000 return=3537.65 v=-0.149 yaw=-0.001
official ep=11 cmd=(+0.000,+0.250) payload=0.50 steps=2000 return=3587.05 v=-0.006 yaw=+0.248
official ep=12 cmd=(+0.000,-0.250) payload=0.50 steps=2000 return=3589.53 v=+0.001 yaw=-0.251
official ep=13 cmd=(+0.150,+0.250) payload=0.75 steps=2000 return=3400.73 v=+0.164 yaw=+0.238
official ep=14 cmd=(-0.150,+0.250) payload=0.75 steps=2000 return=3484.14 v=-0.157 yaw=+0.247
official ep=15 cmd=(+0.150,-0.250) payload=0.75 steps=2000 return=3572.99 v=+0.157 yaw=-0.250
official ep=16 cmd=(-0.150,-0.250) payload=1.00 steps=2000 return=3455.16 v=-0.160 yaw=-0.241
official ep=17 cmd=(+0.225,+0.125) payload=1.00 steps=2000 return=3472.71 v=+0.229 yaw=+0.118
official ep=18 cmd=(-0.225,-0.125) payload=1.00 steps=2000 return=3390.71 v=-0.237 yaw=-0.119
official ep=19 cmd=(+0.075,+0.375) payload=1.00 steps=2000 return=3313.17 v=+0.094 yaw=+0.354
summary=C:\Users\Sridevi\Desktop\sridevi-DIP-recess-week\experiment_tzejun\summary.json
{
  "episodes": 15,
  "settling_time_s": {
    "mean": 0.4253333333333334,
    "std": 0.033565855667130946,
    "ci95": 0.016986666666666667,
    "n": 15
  },
  "recovery_overshoot_deg": {
    "mean": 0.0,
    "std": 0.0,
    "ci95": 0.0,
    "n": 15
  },
  "steady_rms_pitch_deg": {
    "mean": 0.30168220680107427,
    "std": 0.0012366785344600912,
    "ci95": 0.000625845688160614,
    "n": 15
  },
  "mean_abs_torque_nm": {
    "mean": 0.28301883295377284,
    "std": 5.837845413189929e-05,
    "ci95": 2.9543574002343457e-05,
    "n": 15
  },
  "rms_torque_nm": {
    "mean": 0.28330076646537183,
    "std": 4.309638533976717e-05,
    "ci95": 2.180978013981368e-05,
    "n": 15
  },
  "torque_variance": {
    "mean": 0.08025931654629713,
    "std": 2.4423440347650494e-05,
    "ci95": 1.2359966155875977e-05,
    "n": 15
  },
  "final_x_m": {
    "mean": 0.04516314760303694,
    "std": 0.022076386921447266,
    "ci95": 0.011172193241783005,
    "n": 15
  },
  "mean_v_tail_m_s": {
    "mean": 0.004105756040007019,
    "std": 0.00043647999292253,
    "ci95": 0.00022088935315611413,
    "n": 15
  },
  "mean_yaw_rate_tail_rad_s": {
    "mean": -9.56850479968205e-05,
    "std": 3.2353279568824105e-05,
    "ci95": 1.6373018494125794e-05,
    "n": 15
  },
  "return": {
    "mean": 3511.2075791408674,
    "std": 6.025246140024386,
    "ci95": 3.049195253063022,
    "n": 15
  },
  "duration_s": {
    "mean": 10.0,
    "std": 0.0,
    "ci95": 0.0,
    "n": 15
  },
  "survival_fraction": 1.0,
  "success_rate": 1.0
}
